VB	FE	FB	FD	LH	VE	FB	FD	BB	FE
BD	BB	BE	FB	FD	BC	BE	VB	BE	FB
LV	LV	BD	VC	VB	LH	VC	LV	LV	LV
FC	FC	BD	FE	VD	VE	VB	VC	FC	LV
VB	BB	BC	VE	VB	BC	BE	VB	FE	LV
FC	VD	FE	VD	BE	VB	BE	LV	FD	BE
FB	FD	LH	VE	FC	LV	BD	BC	LH	BE
BD	FE	FD	BE	FD	VC	BD	LH	FE	LV
VD	LH	VE	VD	LH	BB	BC	LH	VE	LV
FD	LH	BC	LH	LH	VC	FD	LH	VC	FC
