VB	VE	FB	VB	LH	VE	VB	LH	FE	FB
LV	FC	LV	FC	FB	BD	BC	LH	LH	BE
LV	FB	VD	BB	BE	BD	LH	LH	FE	FC
BD	BC	LH	BE	BD	BC	LH	BB	BB	FE
FC	FB	VB	BE	VD	LH	VE	LV	VD	FE
FB	VD	BE	VD	BB	VE	FC	VD	BB	VE
LV	VB	BC	FE	FC	BD	FE	FD	VC	LV
LV	VD	VE	FD	LH	BC	LH	FE	VB	BE
LV	VB	BC	BB	VE	FD	VE	VB	VC	LV
VD	VC	FD	VC	VD	FE	VD	BC	FE	FC
