FD	BB	FE	FB	VB	LH	LH	BB	VE	FB
VB	VC	FD	BE	BD	LH	FE	LV	VD	VC
BD	FE	FB	BD	BE	VB	LH	VC	FD	VE
LV	FB	BD	BE	LV	VD	LH	LH	BB	VC
LV	BD	BE	FC	BD	LH	LH	FE	VD	FE
LV	LV	VD	FE	VD	LH	FE	VB	LH	VE
VD	BC	BB	LH	BB	BB	BB	VC	VB	BE
FD	BB	VC	FB	LV	LV	VD	FE	LV	FC
VB	BC	FE	VD	BE	VD	BB	FE	VD	VE
VD	LH	LH	FE	FC	FD	BC	FE	FD	VC
