VB	LH	LH	VE	FD	LH	VE	VB	LH	FE
LV	FB	FD	VC	FB	FB	LV	BD	LH	VE
LV	LV	FB	FB	VD	BE	BD	VC	FB	LV
LV	BD	BE	VD	VE	VD	VC	VB	VC	LV
LV	LV	FC	VB	VC	VB	VE	LV	VB	VC
BD	VC	FD	BE	VB	VC	BD	BC	VC	FB
LV	FB	VB	VC	BD	FE	LV	FB	VB	BE
VD	BE	BD	LH	VC	FB	VD	BC	VC	LV
FB	BD	BE	FB	FB	BD	BB	LH	FE	LV
VD	VC	VD	BC	BC	VC	VD	FE	FD	VC
