VB	LH	VE	FB	VB	VE	FD	VE	VB	VE
BD	FE	FC	LV	LV	VD	VE	LV	LV	LV
LV	FD	BB	VC	LV	FB	VD	BC	VC	LV
BD	FE	VD	VE	FC	VD	LH	LH	LH	BE
LV	FD	BB	BE	FD	VE	VB	BB	VE	LV
LV	FD	BE	FC	FB	LV	LV	FC	VD	BE
LV	FD	BC	BB	BC	BC	BC	FE	FD	BE
LV	FB	FD	BE	VB	FE	FD	LH	LH	BE
VD	BC	LH	BE	BD	LH	FE	VB	VE	LV
FD	LH	LH	BC	BC	FE	FD	VC	VD	VC
