VB	LH	BB	LH	BB	FE	FB	VB	LH	VE
VD	VE	VD	FE	FC	VB	BE	VD	VE	LV
VB	BE	VB	BB	FE	LV	FC	VB	VC	LV
LV	VD	VC	VD	BB	BC	LH	BE	FB	LV
BD	LH	LH	FE	BD	VE	FB	VD	BE	FC
LV	VB	FE	VB	BE	VD	VC	FB	VD	VE
LV	LV	FD	VC	LV	VB	BB	VC	FD	BE
BD	BC	FE	FD	BE	LV	LV	FB	VB	BE
VD	LH	BB	FE	BD	BE	LV	LV	FC	LV
FD	LH	BC	FE	FC	FC	VD	BC	FE	FC
