FB	FD	BB	FE	FB	FD	LH	VE	FB	FB
LV	FD	BE	FB	VD	LH	VE	LV	LV	LV
VD	VE	LV	BD	LH	BB	BC	BC	BE	LV
FB	VD	BC	VC	FD	VC	FB	FB	LV	LV
LV	VB	FE	FD	VE	VB	BE	VD	BC	BE
BD	BE	VB	BB	BE	FC	VD	VE	FB	LV
LV	BD	VC	LV	VD	LH	LH	BC	BC	BE
LV	BD	FE	BD	FE	FB	VB	VE	VB	VC
LV	FC	FB	LV	FB	VD	BE	VD	BC	VE
VD	LH	VC	FC	VD	LH	BC	FE	FD	VC
