FB	FD	BB	LH	LH	VE	FD	VE	FD	VE
BD	LH	BE	VB	VE	BD	LH	BC	FE	LV
VD	FE	FC	FC	BD	BC	BB	BB	LH	VC
VB	BB	LH	LH	BE	FD	BE	VD	FE	FB
FC	FC	FD	VE	BD	VE	VD	BB	FE	LV
FD	BB	BB	BC	BE	FC	FB	LV	VB	BE
VB	BE	FC	FB	BD	BB	VC	BD	VC	LV
FC	VD	FE	BD	BE	FC	VB	BC	VE	LV
VB	FE	FD	BE	LV	FD	BE	FB	LV	FC
VD	LH	LH	VC	FC	FD	VC	VD	BC	FE
