FB	VB	VE	FD	BB	FE	VB	LH	BB	FE
LV	FC	BD	VE	VD	LH	BE	FB	VD	VE
LV	VB	VC	VD	LH	VE	FC	LV	FB	LV
LV	VD	LH	VE	FB	VD	FE	LV	LV	LV
VD	BB	BB	VC	BD	BB	LH	VC	VD	BE
VB	BE	BD	BB	VC	FC	VB	LH	LH	VC
FC	LV	LV	VD	LH	LH	VC	FB	FD	VE
VB	VC	BD	BB	LH	BB	FE	BD	LH	BE
LV	FD	VC	LV	VB	VC	FB	VD	VE	LV
VD	FE	FD	VC	VD	LH	BC	LH	VC	FC
