VB	LH	VE	FB	VB	BB	FE	FB	FB	FB
FC	FB	BD	BE	LV	LV	FB	VD	BE	LV
FB	BD	VC	LV	LV	FC	BD	FE	BD	VC
VD	VC	FB	LV	LV	FD	BE	FD	BE	FB
FB	VB	VC	BD	BE	VB	BC	LH	VC	LV
BD	VC	FD	VC	VD	BE	FB	VB	FE	LV
BD	BB	VE	FD	VE	LV	LV	LV	FD	BE
LV	FC	BD	LH	BC	BC	BE	BD	FE	LV
FC	FB	BD	VE	VB	BB	BE	BD	LH	VC
FD	BC	VC	FC	FC	FC	VD	BC	LH	FE
