VB	LH	LH	LH	VE	VB	BB	FE	VB	LH	LH	BB	LH	LH	VE	VB	LH	VE	VB	BB	FE	VB	LH	LH	BB	LH	VE	FD	LH	BB	LH	FE	VB	BB	VE	VB	BB	VE	VB	VE
LV	FB	VB	LH	VC	LV	LV	VB	VC	FB	VB	VC	VB	VE	VD	VC	VB	VC	LV	VD	LH	BC	FE	VB	VC	FB	VD	VE	VB	VC	VB	LH	VC	LV	LV	LV	LV	VD	VC	FC
LV	LV	VD	VE	FD	BE	LV	VD	LH	BE	LV	FB	LV	BD	FE	VB	VC	FB	LV	FB	VB	LH	LH	VC	VB	BC	LH	VC	VD	LH	VC	VB	LH	VC	LV	FC	VD	BB	LH	VE
LV	BD	LH	VC	VB	BE	FC	VB	LH	VC	LV	BD	VC	VD	LH	BE	VB	BE	VD	BE	VD	LH	VE	VB	VC	VB	LH	LH	LH	VE	VB	VC	VB	LH	VC	VB	VE	VD	VE	LV
LV	LV	VB	VE	LV	LV	VB	VC	VB	LH	VC	LV	VB	BB	LH	VC	LV	LV	VB	VC	VB	FE	LV	VD	VE	LV	VB	BB	FE	VD	VC	FB	LV	VB	LH	VC	LV	FD	BE	LV
LV	VD	VC	LV	LV	LV	LV	FB	LV	VB	FE	LV	LV	FC	VB	LH	VC	LV	LV	VB	VC	VB	VC	VB	BC	VC	FC	LV	VB	LH	LH	BC	VC	BD	LH	VE	VD	VE	FC	LV
VD	VE	FD	BC	VC	LV	LV	LV	LV	VD	BB	VC	VD	VE	LV	FB	VB	BE	VD	BE	VB	VC	FD	VC	VB	LH	VE	VD	BC	LH	LH	LH	VE	VD	FE	LV	FB	VD	LH	BE
VB	BE	VB	LH	VE	LV	LV	LV	VD	VE	VD	LH	FE	VD	BC	VC	LV	LV	FB	LV	VD	LH	LH	VE	VD	VE	VD	LH	LH	LH	LH	VE	VD	LH	LH	VC	VD	LH	VE	LV
LV	FC	VD	VE	LV	FC	BD	BC	FE	VD	VE	VB	VE	FD	LH	LH	VC	LV	LV	VD	VE	FD	VE	BD	VE	VD	VE	VB	LH	LH	FE	LV	FD	BB	LH	VE	VB	LH	VC	LV
BD	LH	LH	VC	VD	LH	VC	VB	LH	LH	VC	FC	LV	FD	LH	BB	FE	LV	BD	LH	BC	LH	BE	LV	FC	VB	VC	VD	VE	VB	LH	VC	VB	VC	VB	VC	LV	VB	LH	VC
VD	LH	LH	LH	FE	VB	BB	VC	VB	LH	FE	VB	VC	FD	VE	BD	LH	BC	VC	VB	VE	VB	VC	VD	VE	LV	VB	VE	LV	LV	VB	BB	VC	VB	BC	LH	VC	LV	VB	VE
VB	LH	LH	LH	VE	LV	FC	VB	VC	VB	VE	VD	LH	VE	LV	FC	VB	LH	LH	VC	LV	VD	VE	FB	VD	VC	LV	VD	VC	LV	LV	VD	VE	FC	VB	LH	LH	VC	FC	LV
BD	VE	FD	LH	BC	VC	VB	VC	VB	BE	VD	LH	VE	LV	VD	LH	BC	FE	VB	VE	BD	FE	VD	BC	VE	FD	BE	VB	LH	VC	BD	FE	VD	LH	BC	VE	VB	LH	VE	LV
LV	VD	VE	VB	LH	VE	LV	VB	VC	VD	BB	VE	LV	BD	LH	FE	VB	LH	VC	VD	BE	VB	BB	FE	LV	VB	VC	VD	LH	VE	FC	VB	LH	LH	VE	VD	VC	FD	BC	BE
LV	FB	VD	VC	FB	VD	VC	FC	VB	VE	FC	LV	VD	VC	VB	VE	LV	FB	VB	LH	VC	LV	VD	LH	VC	VD	LH	LH	VE	VD	LH	BE	VB	FE	VD	BB	LH	VE	FD	VC
LV	VD	BB	LH	BE	VB	LH	VE	LV	VD	VE	LV	VB	VE	LV	VD	VC	LV	VD	LH	VE	VD	LH	VE	VB	BB	LH	VE	LV	VB	VE	VD	VC	VB	VE	VD	FE	LV	VB	VE
VD	VE	LV	VB	VC	LV	FB	VD	VC	FB	LV	BD	VC	LV	LV	VB	VE	BD	BB	FE	LV	VB	FE	LV	FC	VD	VE	LV	LV	LV	LV	VB	LH	VC	VD	LH	VE	VD	VC	LV
VB	BC	VC	VD	LH	VC	BD	BB	FE	BD	VC	FC	VB	BE	LV	FC	BD	VC	VD	LH	VC	LV	VB	VC	VB	VE	LV	VD	BE	LV	VD	VC	FD	LH	LH	BB	VC	VB	LH	BE
VD	VE	VB	VE	FD	BB	BE	FC	VB	BC	LH	VE	LV	LV	VD	VE	VD	VE	FD	LH	BB	BE	VD	VE	LV	VD	BE	FD	VC	LV	VB	LH	VE	VB	VE	VD	LH	BE	FD	VC
FB	LV	LV	LV	VB	VC	FC	VB	VC	VB	VE	VD	VC	VD	FE	BD	VE	VD	VE	VB	VC	BD	FE	VD	VC	VB	VC	VB	BB	VC	LV	FB	LV	LV	VD	LH	VE	FC	VB	VE
BD	VC	LV	LV	VD	LH	LH	BE	VB	VC	VD	LH	LH	LH	VE	FC	VD	VE	VD	VC	VB	VC	VB	LH	VE	LV	FB	LV	FC	VB	BC	VC	LV	BD	LH	FE	VD	LH	VC	LV
VD	VE	LV	VD	LH	LH	VE	FC	LV	VB	LH	BB	LH	FE	VD	LH	LH	VC	VB	LH	VC	FB	VD	VE	LV	BD	VC	LV	VB	VC	VB	VE	BD	VC	VB	LH	VE	VB	VE	LV
VB	VC	LV	FD	LH	LH	BC	LH	VC	BD	VE	LV	VB	BB	LH	FE	VB	LH	VC	VB	LH	VC	FB	LV	VD	VC	VB	BE	LV	FB	LV	FC	VD	FE	LV	VB	VC	LV	VD	VC
VD	FE	LV	VB	LH	VE	VB	VE	VB	VC	LV	FC	LV	VD	LH	LH	VC	VB	LH	BC	VE	VB	VC	BD	FE	VB	VC	LV	LV	LV	VD	LH	LH	VE	LV	VD	VE	LV	VB	VE
VB	BB	VC	BD	FE	LV	LV	FC	VD	VE	VD	LH	VC	FD	BB	LH	VE	LV	VB	FE	VD	BE	FD	VC	VB	VC	VB	VC	LV	VD	LH	BB	VE	LV	LV	VB	VC	LV	LV	FC
LV	LV	VB	VC	VB	VC	BD	LH	LH	VC	FD	BB	VE	VB	VC	FB	FC	LV	VD	VE	FB	LV	FD	VE	VD	VE	LV	FB	LV	VB	LH	VC	LV	VD	VC	LV	VB	VC	BD	VE
LV	FC	VD	VE	LV	FB	VD	VE	FD	LH	BB	VC	VD	VC	FB	BD	BB	BC	FE	LV	VD	BC	BB	BC	FE	LV	VD	BE	VD	VC	FB	VB	VC	VB	VE	VD	VC	VB	VC	LV
BD	LH	VE	LV	LV	VD	LH	BE	VB	VE	BD	VE	VB	VE	LV	LV	FC	VB	VE	VD	VE	FB	FC	VB	VE	LV	FB	LV	FD	VE	BD	VC	FB	LV	BD	FE	VB	VC	VB	VC
VD	VE	VD	VC	VD	LH	VE	VD	VC	LV	FC	LV	LV	VD	VC	VD	VE	LV	BD	VE	LV	LV	VB	VC	LV	LV	LV	VD	VE	LV	LV	VB	VC	LV	LV	VB	BC	FE	VD	VE
FB	VD	VE	FB	VB	VE	LV	FD	LH	BC	LH	VC	VD	VE	VB	VE	VD	VC	LV	FC	BD	BE	LV	FB	VD	BE	VD	LH	BC	VC	LV	BD	LH	VC	LV	LV	VB	LH	LH	BE
BD	VE	LV	VD	BE	LV	VD	LH	LH	LH	LH	BB	VE	VD	VC	LV	FD	VE	LV	VB	VC	BD	VC	VD	BB	VC	VB	LH	VE	VB	VC	VD	VE	FB	LV	LV	VD	VE	FD	VC
LV	LV	VD	VE	FC	VD	LH	LH	BB	VE	FB	LV	FC	VB	LH	VC	VB	VC	VD	VC	FB	LV	VB	VE	VD	FE	LV	FB	VD	BC	BB	VE	LV	LV	VD	VC	FB	VD	LH	VE
LV	VD	VE	VD	LH	LH	LH	LH	VC	LV	LV	VD	VE	VD	LH	VE	BD	LH	LH	BB	VC	LV	LV	LV	VB	LH	VC	VD	BB	VE	LV	LV	LV	VD	BB	BB	BE	VB	VE	LV
BD	FE	VD	LH	BB	BB	LH	FE	VB	BC	BC	FE	BD	VE	VB	VC	VD	LH	FE	VD	VE	LV	LV	VD	VC	VB	BB	LH	VC	VD	BE	FC	VD	VE	FC	LV	LV	LV	VD	BE
FC	VB	BB	LH	VC	FC	VB	LH	BC	FE	VB	LH	BE	FC	VD	LH	LH	LH	LH	LH	BE	VD	VC	FD	LH	BE	VD	LH	VE	FB	LV	VB	LH	BC	LH	BE	FC	VD	VE	FC
VB	VC	LV	VB	LH	LH	BC	FE	VB	VE	LV	FD	VC	VB	LH	BB	LH	VE	VB	VE	LV	VB	VE	VB	VE	VD	LH	VE	LV	VD	VC	LV	VB	LH	VE	LV	VB	VE	VD	VE
VD	VE	LV	LV	VB	LH	VE	VB	VC	BD	VC	VB	LH	VC	FB	VD	VE	VD	VC	LV	LV	LV	VD	VC	VD	LH	VE	FC	VD	BB	LH	VC	LV	FB	LV	LV	LV	VD	LH	BE
VB	VC	FC	LV	LV	VB	VC	VD	VE	LV	VB	VC	VB	VE	BD	VE	LV	FD	LH	VC	LV	VD	VE	VB	BB	FE	LV	VB	VE	VD	VE	VB	VC	BD	VC	FC	VD	VE	VB	VC
BD	VE	VB	VC	FC	VD	LH	VE	LV	FC	VD	LH	VC	VD	VC	LV	LV	VB	LH	VE	LV	VB	VC	LV	LV	VB	VC	LV	VD	VE	FC	LV	VB	VC	VB	VE	VB	VC	LV	FB
FC	VD	BC	LH	LH	LH	LH	VC	VD	LH	LH	LH	LH	LH	LH	VC	VD	BC	FE	VD	BC	VC	FD	VC	VD	BC	LH	VC	FD	BC	LH	VC	VD	LH	VC	VD	VC	FD	BC	VC
