VB	LH	LH	BB	LH	VE	FD	BB	LH	LH	LH	VE	VB	BB	FE	VB	VE	VB	VE	VB	BB	VE	FB	VB	LH	BB	LH	VE	VB	LH	LH	LH	BB	LH	FE
VD	VE	VB	VC	FD	BC	VE	VD	LH	VE	VB	VC	FC	LV	VB	VC	VD	VC	VD	VC	LV	LV	LV	VD	VE	LV	VB	VC	VD	LH	BB	FE	VD	BB	VE
VB	VC	LV	VB	LH	VE	VD	LH	LH	VC	VD	LH	VE	BD	VC	VB	LH	LH	LH	LH	VC	LV	VD	VE	LV	LV	LV	VB	VE	FD	VC	VB	VE	FC	LV
VD	FE	LV	LV	FB	LV	FD	LH	BB	FE	VB	LH	VC	VD	VE	VD	VE	VB	VE	VB	VE	VD	VE	VD	VC	LV	VD	VC	LV	VB	LH	VC	VD	LH	BE
VB	LH	BE	VD	BE	VD	LH	VE	BD	LH	VC	FD	LH	LH	VC	VB	VC	LV	VD	VC	VD	VE	LV	VB	LH	VC	VB	LH	VC	VD	BB	VE	FD	LH	VC
LV	VB	VC	FB	LV	VB	VE	LV	LV	FD	LH	BB	LH	LH	VE	BD	VE	FC	VB	LH	VE	LV	VD	VC	FB	VB	VC	VB	LH	VE	FC	LV	VB	LH	VE
LV	LV	VB	VC	VD	VC	LV	LV	LV	VB	LH	VC	VB	VE	LV	FC	VD	VE	VD	VE	VD	VC	VB	LH	BE	VD	VE	BD	VE	VD	VE	BD	VC	FB	LV
LV	BD	VC	VB	VE	VB	VC	LV	LV	VD	VE	VB	VC	FC	VD	LH	VE	VD	VE	BD	LH	LH	VC	VB	BE	FB	LV	FC	VD	VE	LV	LV	VB	BE	LV
LV	FC	VB	VC	VD	BE	VB	VC	VD	VE	LV	VD	LH	VE	VB	LH	VC	VB	VC	LV	FD	LH	VE	LV	VD	VC	LV	VB	LH	VC	LV	BD	VC	FC	LV
BD	LH	VC	VB	VE	FC	LV	VB	VE	LV	VD	LH	VE	BD	VC	VB	LH	VC	FB	LV	VB	VE	LV	VD	LH	VE	VD	VC	VB	LH	VC	FC	VB	LH	BE
VD	LH	VE	LV	VD	LH	VC	LV	LV	VD	LH	VE	LV	VD	LH	VC	FD	VE	BD	VC	LV	VD	BE	FB	VB	BC	FE	VB	VC	FB	VB	BB	VC	FB	LV
VB	VE	LV	VD	VE	VB	LH	VC	BD	FE	VB	VC	BD	LH	LH	LH	VE	VD	BE	FD	BC	VE	VD	VC	VD	LH	VE	VD	VE	LV	LV	VD	VE	BD	VC
LV	VD	BC	VE	LV	VD	LH	VE	VD	VE	LV	FB	LV	VB	LH	VE	VD	VE	VD	LH	VE	LV	VB	VE	VB	VE	VD	LH	VC	VD	BC	FE	LV	LV	FB
LV	VB	FE	FC	LV	VB	LH	VC	FB	VD	VC	BD	BE	VD	VE	VD	VE	VD	LH	VE	LV	VD	VC	VD	VC	VD	LH	VE	VB	BB	LH	VE	LV	VD	VC
FC	LV	VB	BB	VC	LV	VB	FE	BD	VE	FD	VC	BD	LH	VC	FD	BC	FE	VB	VC	VD	LH	LH	LH	LH	VE	VB	VC	LV	LV	FD	BE	VD	LH	VE
VB	VC	LV	LV	VB	VC	VD	LH	BE	VD	LH	VE	FC	VB	LH	LH	LH	LH	VC	VB	LH	BB	LH	FE	VB	VC	VD	VE	LV	VD	VE	VD	LH	LH	BE
LV	FD	BE	LV	BD	LH	LH	VE	BD	VE	FB	VD	VE	BD	LH	LH	VE	VB	LH	VC	FB	VD	LH	VE	LV	FD	BB	VC	LV	FB	VD	LH	VE	VB	VC
VD	VE	LV	LV	FC	VB	VE	LV	LV	LV	BD	LH	VC	VD	FE	VB	VC	VD	LH	LH	BC	VE	VB	BE	VD	VE	BD	LH	VC	BD	VE	VB	VC	VD	VE
FB	LV	FC	LV	VB	VC	LV	LV	FC	LV	VD	LH	LH	LH	VE	VD	VE	FD	LH	LH	BB	VC	LV	LV	VB	VC	VD	LH	VE	LV	FC	VD	LH	VE	LV
LV	VD	VE	LV	LV	VB	VC	VD	LH	VC	FD	BB	LH	VE	LV	VB	VC	VB	LH	VE	FC	VB	VC	LV	VD	LH	LH	VE	VD	VC	VB	LH	VE	LV	FC
LV	VB	VC	VD	VC	VD	LH	VE	VB	LH	LH	VC	FB	LV	LV	LV	VB	VC	VB	VC	VB	VC	FB	VD	VE	VB	VE	VD	LH	LH	VC	FB	LV	VD	VE
LV	VD	LH	LH	LH	LH	LH	VC	BD	LH	LH	VE	VD	VC	LV	VD	BE	VB	VC	VB	BC	VE	LV	VB	VC	LV	VD	LH	BB	FE	VB	BC	VC	VB	BE
BD	LH	LH	FE	VB	LH	LH	VE	LV	FD	VE	VD	LH	VE	VD	VE	LV	LV	FD	BE	VB	VC	VD	BC	LH	VC	VB	LH	VC	VB	VC	VB	LH	BE	FC
VD	VE	VB	VE	VD	VE	VB	VC	VD	VE	LV	VB	VE	BD	FE	LV	LV	VD	VE	LV	VD	LH	VE	VB	VE	FB	LV	VB	LH	VC	FB	LV	FB	VD	VE
VB	VC	LV	LV	VB	VC	VD	LH	VE	VD	BE	LV	VD	BE	VB	VC	LV	VB	VC	LV	VB	VE	LV	LV	LV	BD	VC	LV	FD	VE	BD	VC	LV	VB	VC
LV	VB	VC	VD	VC	VB	LH	VE	VD	LH	VC	VD	VE	FC	LV	FB	LV	VD	VE	VD	VC	FC	BD	VC	LV	VD	FE	VD	VE	VD	BC	LH	BE	VD	VE
LV	VD	LH	LH	VE	FC	VB	BC	FE	VB	LH	VE	VD	VE	LV	BD	VC	FB	VD	LH	LH	VE	LV	FB	LV	VB	LH	VE	VD	VE	VB	VE	VD	VE	LV
VD	BB	FE	VB	VC	VB	VC	VB	LH	BE	FD	BC	LH	VC	LV	VD	VE	VD	LH	VE	VB	VC	VD	BE	LV	LV	FB	LV	VB	VC	LV	VD	LH	VC	LV
VB	VC	VB	VC	VB	BC	VE	LV	FD	VC	VB	LH	LH	VE	VD	VE	VD	LH	LH	BE	LV	VB	FE	LV	VD	VC	LV	VD	VC	VB	VC	VB	LH	LH	BE
BD	VE	LV	VB	VC	VB	BE	LV	VB	LH	VC	VB	VE	VD	LH	VC	FB	VB	LH	VC	LV	VD	VE	VD	VE	FD	BC	BB	VE	VD	VE	LV	FB	VB	VC
LV	VD	VC	LV	VB	VC	LV	LV	VD	LH	VE	LV	VD	FE	VB	LH	BE	LV	FB	VB	VC	VB	BC	VE	VD	VE	VB	VC	VD	VE	FC	LV	BD	VC	FB
VD	LH	VE	LV	VD	VE	FC	VD	LH	LH	VC	VD	LH	LH	BC	VE	VD	BC	VC	VD	VE	LV	VB	BC	FE	VD	VC	VB	FE	LV	VB	VC	VD	VE	LV
FB	VB	VC	VD	VE	VD	LH	LH	BB	BB	VE	VB	LH	LH	VE	BD	LH	LH	BB	FE	LV	LV	FC	VB	VE	VB	LH	BC	LH	VC	LV	VB	FE	VD	BE
LV	VD	LH	VE	VD	FE	VB	VE	FC	LV	LV	LV	VB	LH	VC	FC	VB	VE	FC	VB	VC	BD	VE	LV	VD	VC	VB	VE	FD	LH	BE	BD	LH	VE	LV
VD	LH	LH	BC	LH	LH	VC	VD	LH	VC	VD	VC	VD	LH	LH	LH	VC	VD	LH	VC	FD	VC	VD	BC	LH	LH	VC	VD	LH	LH	VC	VD	FE	VD	VC
