FB	FB	VB	LH	LH	VE	VB	LH	FE	FB
BD	BE	LV	FD	VE	LV	LV	VB	LH	VC
FC	BD	VC	FD	BE	LV	BD	BC	FE	FB
FD	VC	FD	BB	BC	VC	BD	LH	LH	VC
VB	FE	FB	BD	FE	FB	BD	LH	FE	FB
LV	FB	LV	BD	LH	BC	BC	LH	LH	VC
LV	LV	BD	BE	VB	VE	VB	LH	FE	FB
VD	BC	VC	BD	BE	VD	BE	VB	FE	LV
FB	FB	FD	VC	LV	FB	FC	LV	FB	LV
VD	BC	LH	LH	BC	BC	LH	BC	BC	VC
