VB	LH	LH	VE	VB	VE	VB	LH	VE	FD	BB	LH	VE	FD	BB	LH	LH	VE	VB	VE	VB	VE	FD	LH	LH	LH	BB	VE	VB	LH	BB	LH	VE	VB	VE	VB	LH	BB	LH	VE	VB	LH	LH	BB	LH	LH	VE	FD	BB	VE
LV	FD	LH	BC	VC	LV	VD	VE	VD	VE	LV	FB	VD	VE	LV	VB	VE	LV	LV	VD	VC	VD	LH	LH	LH	VE	LV	FC	LV	FB	VD	VE	FC	LV	VD	VC	VB	VC	VB	VC	VD	LH	FE	LV	VB	VE	VD	LH	VC	LV
VD	VE	VB	LH	VE	VD	LH	VC	FB	VD	VC	BD	FE	VD	VC	LV	FC	LV	BD	VE	VB	VE	FB	VB	VE	LV	BD	LH	BC	BC	VE	VD	LH	VC	VB	VE	BD	VE	VD	LH	LH	LH	LH	VC	LV	VD	LH	BB	VE	LV
VB	VC	LV	FB	VD	LH	VE	VB	BC	BB	FE	BD	BB	VE	VB	BE	VB	VC	LV	LV	LV	LV	LV	LV	VD	VC	VD	FE	VB	VE	FC	VB	LH	VE	LV	LV	FC	VD	VE	VB	FE	VB	LH	LH	BC	LH	FE	LV	LV	LV
BD	VE	BD	BC	LH	FE	LV	FC	VB	VC	VB	VC	LV	FC	LV	VD	VC	FB	LV	VD	VC	LV	VD	BC	LH	LH	LH	LH	VC	VD	LH	VC	VB	VC	LV	VD	VE	VB	VC	VD	LH	VC	VB	LH	LH	LH	VE	LV	FC	LV
LV	LV	LV	VB	LH	VE	VD	VE	LV	VB	VC	FB	LV	VB	VC	FD	LH	BC	BC	LH	FE	BD	VE	VB	VE	VB	VE	VB	LH	LH	BB	FE	LV	VB	VC	FB	LV	BD	LH	LH	LH	LH	BC	VE	FD	VE	LV	LV	VB	VC
LV	VD	VC	LV	FD	BE	VB	VC	VD	BC	LH	VC	VD	BC	LH	VE	VB	LH	LH	LH	VE	LV	VD	VC	LV	LV	LV	VD	VE	FB	VD	LH	VC	LV	VB	BC	VC	VD	LH	VE	FB	VB	VE	VD	VE	LV	LV	VD	BC	VE
VD	LH	VE	VD	FE	VD	BE	VB	BB	FE	VB	VE	VB	VE	VB	VC	LV	FD	BB	LH	VC	VD	LH	VE	LV	FC	VD	VE	LV	LV	VB	LH	BB	VC	VD	VE	VB	BB	LH	VC	LV	LV	VD	VE	VD	BE	VD	LH	VE	LV
FD	VE	LV	VB	LH	VE	LV	LV	VD	LH	VC	VD	VC	LV	VD	VE	VD	VE	VD	VE	VB	VE	VB	VC	LV	VB	LH	VC	LV	VD	BE	FB	LV	FB	VB	VC	FC	BD	LH	LH	VC	VD	VE	LV	VB	VC	VB	LH	VC	LV
VB	VC	FC	BD	FE	LV	FC	LV	VB	VE	VB	LH	LH	VC	FB	VD	LH	VC	VB	VC	LV	LV	LV	VB	VC	VD	BB	VE	VD	VE	LV	LV	LV	BD	VC	VB	VE	FC	VB	VE	VB	LH	VC	LV	LV	VB	VC	VB	VE	FC
VD	VE	VB	VC	VB	VC	VB	BC	VC	FC	LV	VB	LH	LH	VC	VB	LH	VE	LV	VB	VC	VD	VC	VD	LH	VE	LV	VD	LH	VC	VD	VC	LV	LV	VB	BE	BD	LH	VC	VD	VC	VB	FE	LV	LV	VD	LH	VC	VD	VE
VB	VC	VD	VE	LV	VB	VC	VB	LH	VE	LV	LV	VB	LH	LH	VC	FB	VD	VC	LV	VB	LH	LH	LH	BB	VC	VD	LH	LH	LH	LH	LH	VC	LV	FC	LV	FC	VB	LH	VE	VB	BC	LH	VC	VD	FE	VB	LH	VE	LV
VD	LH	LH	BE	LV	VD	VE	VD	VE	LV	LV	VD	BC	LH	LH	LH	BC	LH	VE	FC	LV	VB	LH	LH	VC	VB	LH	LH	LH	VE	VB	LH	VE	VD	VE	VD	LH	VC	VB	VC	VD	VE	FD	BB	BB	LH	VC	FB	VD	BE
VB	LH	VE	FC	VD	VE	VD	VE	LV	VD	VC	VB	VE	VB	LH	FE	VB	VE	VD	LH	VC	VD	LH	VE	VB	VC	VB	LH	VE	LV	VD	FE	BD	FE	VD	LH	LH	LH	VC	VB	VE	VD	VE	FC	LV	VB	VE	BD	VE	LV
LV	VB	VC	VB	LH	BE	VB	VC	VD	VE	VB	VC	LV	LV	VB	LH	VC	BD	VE	VB	VE	VB	VE	LV	LV	VB	VC	FD	BC	VC	VB	VE	BD	LH	BB	FE	VB	LH	LH	VC	VD	VE	VD	VE	VD	VC	LV	LV	LV	LV
LV	VD	LH	VC	VB	VC	VD	LH	VE	VD	VC	VB	VC	BD	VC	FB	VB	VC	VD	VC	VD	VC	LV	LV	LV	VD	LH	LH	LH	LH	VC	LV	VD	FE	BD	VE	LV	VB	VE	FD	VE	VD	VE	VD	LH	LH	VC	LV	VD	VC
LV	VB	LH	LH	VC	VB	LH	VE	VD	VE	VB	VC	FB	VD	LH	BE	VD	LH	LH	LH	LH	VE	FC	LV	LV	VB	LH	VE	VB	BB	FE	VD	LH	VE	LV	VD	VC	LV	VD	LH	BC	VE	BD	LH	FE	VB	VE	LV	VB	VE
LV	VD	VE	VB	FE	VD	VE	VD	LH	BE	VD	VE	VD	LH	VE	LV	VB	LH	LH	VE	FB	VD	LH	VC	VD	VC	VB	VC	LV	VD	LH	BB	VE	LV	LV	FD	BB	BE	VB	LH	VE	LV	VD	VE	VB	VC	VD	VC	FC	LV
LV	VB	VC	LV	VB	LH	VC	VB	VE	FC	VB	VC	VB	VE	LV	VD	VC	VB	LH	BC	BC	LH	FE	VB	LH	VE	LV	FD	VC	VB	LH	VC	LV	LV	VD	VE	LV	FC	LV	FB	LV	LV	VB	VC	LV	VB	VE	VB	BB	VC
LV	BD	LH	VC	LV	VB	BB	VC	VD	LH	VC	VB	VC	LV	VD	LH	LH	VC	VB	LH	VE	VB	LH	VC	FB	VD	VC	VB	VE	VD	LH	VE	FC	LV	FB	LV	VD	BB	BC	VC	LV	LV	VD	VE	LV	FC	BD	VC	VD	VE
LV	LV	VB	VE	LV	LV	FC	VB	LH	LH	LH	VC	FB	VD	LH	LH	LH	LH	VC	VB	VC	VD	LH	VE	VD	BB	LH	VC	LV	VB	VE	LV	VB	VC	VD	BC	VE	VD	VE	VB	VC	FC	VB	VC	VD	VE	BD	FE	VB	BE
LV	FC	LV	VD	VC	VD	VE	LV	VB	LH	LH	LH	BC	LH	BB	VE	VB	LH	VE	VD	LH	LH	BB	BC	LH	VC	VB	VE	LV	LV	VD	VC	VD	LH	VE	FB	LV	VB	VC	VD	LH	VE	VD	BB	FE	LV	FC	VB	VC	LV
LV	VB	VC	FD	LH	VE	VD	VC	FC	VB	VE	VB	LH	VE	LV	LV	VD	VE	VD	LH	LH	VE	FC	VB	LH	VE	LV	FC	LV	LV	VB	LH	LH	LH	VC	BD	VC	BD	LH	FE	VB	BC	FE	LV	VB	VC	VB	VC	VB	VC
LV	LV	FD	BB	VE	BD	VE	VB	VE	LV	VD	VC	VB	VC	LV	BD	FE	VD	VE	FD	VE	VD	VE	VD	VE	LV	LV	VB	VC	LV	VD	VE	FD	LH	VE	VD	VE	LV	VB	VE	LV	VB	LH	BE	LV	FD	BE	VB	VC	FB
LV	LV	VB	VC	VD	VC	VD	VC	VD	VC	FB	VB	VC	VB	VC	FC	VB	VE	VD	VE	BD	VE	VD	LH	VC	LV	VD	BC	VE	VD	VE	VD	VE	VB	BC	FE	LV	LV	LV	VD	VC	LV	FB	LV	VD	LH	VC	VD	LH	BE
LV	LV	LV	VB	LH	LH	LH	LH	LH	VE	VD	BE	VB	VC	VB	LH	VC	LV	VB	BE	FC	VD	BB	LH	FE	VD	LH	VE	VD	LH	BC	FE	LV	LV	VB	LH	VC	FC	LV	VB	LH	VC	LV	VD	LH	VE	VB	VE	VB	VC
BD	VC	LV	VD	VE	VB	LH	LH	VE	VD	VE	VD	VC	VB	VC	FB	VB	BC	VC	FC	VB	VE	VD	BB	BB	LH	FE	VD	LH	BB	LH	LH	VC	VD	BC	LH	LH	LH	BE	VD	VE	FD	BE	VB	LH	BC	VC	LV	VD	VE
LV	VB	BE	FB	LV	LV	FD	VE	BD	VE	VD	LH	LH	VC	VB	VC	LV	VB	LH	LH	VC	VD	VE	LV	VD	LH	LH	LH	LH	VC	VB	LH	LH	LH	VE	FB	VB	VE	LV	FB	VD	VE	VD	VC	VB	VE	FB	LV	FB	LV
VD	VC	BD	VC	LV	VD	LH	BE	LV	VD	LH	FE	VB	LH	BC	LH	VC	LV	VB	VE	VB	LH	VC	VD	VE	FB	VB	VE	VB	VE	VD	VE	VB	VE	LV	VD	VC	LV	VD	BC	VE	VD	LH	VE	LV	LV	VD	BC	BE	LV
VB	VE	LV	VB	VC	VB	VE	LV	VD	LH	LH	VE	VD	BB	LH	LH	FE	LV	FC	LV	LV	FD	BB	VE	VD	BE	LV	VD	VC	BD	FE	LV	FC	LV	BD	LH	VE	VD	BB	VE	VD	VE	FB	VD	VC	VD	VE	FD	VC	LV
LV	FC	LV	VD	VE	LV	FC	VD	LH	BB	FE	VD	LH	BE	VB	LH	LH	VC	VB	BE	VD	VE	FC	VD	LH	VC	LV	VB	VE	LV	VB	VC	VB	BE	VD	FE	VD	VE	LV	VD	VE	LV	BD	LH	VE	VB	VC	VB	LH	VC
BD	LH	VC	VB	VC	VD	VE	VB	VE	LV	VB	LH	VE	FC	VD	LH	VE	VB	VC	LV	FB	VD	LH	LH	VE	VB	VC	LV	VD	BE	LV	VB	VC	FC	VB	LH	LH	VC	LV	FD	VC	LV	LV	VB	VC	VD	VE	VD	LH	VE
VD	VE	FB	VD	LH	VE	VD	VC	VD	VC	VD	VE	VD	BB	LH	FE	VD	VC	VB	VC	BD	VE	FD	VE	LV	LV	VB	VC	FD	VC	VD	BE	VB	LH	VC	VB	LH	LH	VC	VB	LH	VC	LV	LV	VB	VE	BD	VE	FB	LV
FB	LV	VD	LH	VE	VD	LH	VE	VB	LH	LH	VC	FB	LV	VB	LH	LH	VE	LV	FD	BE	LV	VB	BE	VD	VC	VD	LH	LH	VE	VB	VC	VD	VE	VB	BE	VB	LH	VE	VD	VE	VB	VC	VD	VC	LV	LV	VD	BE	LV
BD	BC	LH	VE	VD	LH	VE	VD	VC	FD	BB	LH	VC	VD	VC	VB	LH	BE	VD	VE	LV	VD	VC	LV	FD	LH	LH	LH	VE	VD	VC	FD	VE	LV	FC	LV	VD	VE	VD	VE	LV	FC	VB	LH	LH	BE	VD	VE	FC	LV
FC	VB	VE	VD	LH	LH	BC	LH	LH	VE	VD	LH	BB	LH	FE	LV	VB	VC	VB	VC	LV	VB	FE	VD	VE	VB	LH	LH	BE	VB	VE	VB	BE	VD	VE	LV	VB	VC	VB	VC	VD	VE	LV	VB	FE	VD	VE	VD	LH	VC
VB	VC	VD	VE	VB	LH	VE	VB	FE	LV	VB	LH	VC	VB	LH	VC	LV	FB	VD	VE	LV	LV	VB	LH	VC	VD	LH	VE	VD	VC	LV	LV	FC	VB	VC	BD	BC	FE	VD	LH	LH	VC	LV	LV	VB	VE	LV	FD	LH	VE
LV	FD	VE	FC	LV	FD	BC	VC	VB	VC	VD	LH	VE	LV	VB	FE	LV	BD	VE	VD	VC	LV	LV	VB	LH	LH	LH	VC	FD	VE	VD	BE	VB	VC	FB	LV	VB	BB	VE	VB	LH	LH	VC	BD	VC	LV	VD	LH	VE	LV
VD	VE	BD	FE	BD	VE	VB	VE	VD	VE	VB	BB	VC	LV	BD	LH	VC	FC	BD	FE	VB	BC	BC	VC	FD	BB	BB	LH	BB	VC	VB	VC	VD	VE	BD	VC	FC	LV	VD	VC	FB	VB	LH	VC	FB	VD	BB	FE	VD	BE
FB	LV	BD	VE	LV	VD	VC	VD	BB	BC	VC	LV	VB	VC	BD	LH	LH	LH	BE	VB	VC	VB	VE	VB	VE	FC	BD	VE	FC	VB	VC	VB	VE	LV	VD	LH	LH	VC	VB	LH	VC	VD	VE	VB	BC	VE	LV	VB	LH	VC
BD	VC	FC	VD	VC	VB	LH	VE	FC	VB	VE	FC	VD	VE	FC	VB	VE	FD	VC	LV	VB	VC	LV	LV	VD	VE	FC	VD	VE	LV	FD	BE	FC	VD	LH	VE	VB	LH	VC	VB	LH	LH	BC	VC	FD	BE	LV	VD	VE	FB
LV	FD	BB	LH	VE	VD	VE	LV	VB	VC	VD	LH	VE	BD	LH	VC	VD	VE	VB	VC	VD	VE	VD	VC	FB	VD	VE	VB	VC	VD	VE	VD	LH	VE	VB	VC	BD	LH	VE	VD	VE	VB	FE	VB	VE	FC	BD	VE	LV	LV
VD	VE	VD	VE	VD	LH	VC	VD	VC	FD	LH	VE	LV	FC	VB	LH	VE	VD	BC	BB	FE	LV	VB	LH	BC	VE	LV	LV	VB	VE	VD	LH	VE	LV	VD	VE	VD	VE	VD	VE	BD	VC	VB	BE	VD	LH	VC	FC	LV	LV
FB	VD	VE	VD	LH	VE	VB	LH	LH	BB	LH	BE	LV	VB	VC	FB	VD	LH	VE	LV	VB	VC	LV	VB	FE	LV	LV	VD	VC	VD	LH	LH	BC	BE	VB	VC	FB	LV	VB	VC	LV	VB	VC	LV	VB	LH	LH	LH	VC	LV
BD	VE	LV	VB	LH	VC	FC	VB	LH	VC	VB	VC	LV	LV	VB	BE	FD	VE	LV	LV	LV	VB	BE	VD	VE	LV	VD	LH	VE	VB	VE	VB	VE	LV	VD	VE	VD	BE	VD	LH	VC	LV	FD	VC	VD	LH	LH	LH	VE	LV
LV	FC	VD	VC	VB	LH	VE	VD	VE	FD	BC	LH	BC	VC	LV	VD	BB	VC	LV	FC	LV	FC	VD	VE	BD	BC	LH	FE	VD	VC	VD	VC	LV	VD	FE	VD	VE	VD	LH	FE	VB	VC	VB	BB	VE	VB	BB	FE	VD	BE
LV	VB	BB	BB	VC	FD	BC	VE	LV	VB	LH	LH	VE	VB	VC	FB	VD	VE	VD	VE	LV	VB	LH	VC	LV	FB	VB	LH	BB	FE	VB	VE	VD	LH	LH	LH	VC	VB	LH	VE	LV	VB	VC	LV	LV	LV	LV	VB	LH	VC
LV	LV	LV	FC	VB	VE	FD	BC	VC	LV	VB	FE	LV	VD	LH	BE	FB	VD	VE	VD	VC	LV	VB	VE	VD	VC	LV	FB	VD	LH	VC	VD	LH	LH	LH	LH	VE	BD	VE	VD	VC	LV	FB	LV	LV	LV	LV	LV	FD	VE
LV	LV	VD	LH	VC	VD	LH	LH	VE	LV	VD	VE	BD	LH	FE	VD	BE	FB	LV	VB	VE	BD	VC	LV	VB	VE	VD	BE	FD	LH	LH	VE	VB	LH	LH	LH	VC	LV	VD	LH	VE	LV	LV	LV	FC	LV	LV	VD	VE	LV
VD	BC	LH	LH	LH	LH	LH	FE	VD	BC	LH	VC	VD	LH	LH	LH	BC	VC	VD	VC	VD	BC	FE	VD	VC	VD	LH	BC	LH	LH	LH	VC	VD	LH	LH	LH	LH	BC	LH	FE	VD	BC	VC	VD	LH	VC	VD	LH	BC	VC
