VB	FE	VB	LH	FE
LV	FB	BD	LH	VE
BD	VC	BD	FE	LV
VD	BB	BC	VE	LV
FD	VC	FD	VC	FC
