VB	LH	LH	BB	LH	LH	VE	VB	FE	VB	BB	LH	VE	VB	LH	LH	LH	VE	FB	VB	BB	VE	FD	LH	VE	VB	LH	LH	BB	VE
LV	VB	FE	LV	VB	LH	BC	BE	VB	VC	VD	VE	BD	VC	FD	LH	LH	BC	VC	LV	LV	VD	LH	LH	BE	LV	FB	VB	VC	LV
VD	VC	VB	VC	LV	VB	VE	FC	LV	VB	LH	VC	FC	VB	LH	LH	LH	LH	LH	VC	VD	VE	FD	LH	BE	LV	LV	VD	VE	LV
VB	LH	VC	FD	VC	LV	VD	LH	VC	VD	VE	VB	VE	VD	LH	LH	LH	LH	LH	VE	FB	VD	LH	VE	FC	VD	BC	VE	LV	LV
BD	LH	LH	VE	VB	VC	VB	VE	VB	VE	VD	VC	VD	LH	LH	LH	VE	VB	VE	VD	BC	LH	VE	VD	LH	LH	VE	LV	LV	LV
VD	VE	FB	LV	VD	LH	VC	LV	FC	BD	VE	VB	LH	LH	LH	VE	VD	VC	VD	BB	VE	FB	LV	VB	LH	VE	VD	VC	LV	LV
FB	VD	BE	VD	LH	LH	LH	VC	VB	BE	VD	VC	FD	LH	LH	BC	VE	FD	VE	LV	VD	VC	LV	VD	VE	VD	VE	VB	VC	LV
BD	LH	VC	FD	LH	LH	LH	BB	VC	FC	VB	LH	LH	LH	LH	VE	VD	BB	VC	VD	BB	LH	VC	VB	VC	VB	VC	VD	VE	LV
VD	VE	FD	BB	LH	LH	VE	LV	VB	LH	BC	LH	LH	LH	VE	LV	VB	VC	VB	VE	VD	LH	FE	LV	VB	BC	LH	LH	VC	LV
VB	VC	VB	VC	FB	VB	VC	VD	BC	FE	VB	VE	FD	LH	BE	LV	VD	VE	LV	LV	VB	LH	LH	VC	LV	VB	LH	VE	FD	VC
VD	LH	VC	VB	VC	VD	LH	LH	LH	LH	VC	LV	VB	VE	FC	BD	VE	FC	LV	VD	VC	VB	VE	VB	VC	VD	VE	VD	LH	VE
FD	VE	VB	BC	BB	VE	FB	VB	LH	LH	VE	VD	VC	VD	VE	LV	VD	VE	VD	LH	VE	FC	LV	LV	VB	FE	VD	VE	FB	LV
VB	VC	BD	FE	LV	LV	LV	VD	LH	VE	VD	BB	VE	FB	LV	VD	VE	VD	BB	FE	VD	VE	LV	LV	VD	LH	VE	LV	LV	LV
BD	LH	VC	VB	VC	VD	BC	VE	FB	LV	FB	LV	VD	BE	VD	VE	VD	FE	VD	BB	VE	LV	VD	BC	LH	FE	VD	VC	LV	LV
LV	VB	LH	VC	VB	LH	VE	LV	LV	LV	LV	VD	VE	VD	FE	VD	LH	LH	VE	LV	LV	VD	VE	VB	LH	LH	LH	VE	BD	VC
FC	LV	VB	VE	VD	VE	LV	VD	BE	VD	BC	VE	LV	VB	VE	VB	LH	LH	BC	VC	VD	VE	LV	LV	FD	VE	VB	BE	LV	FB
VB	VC	LV	VD	VE	LV	VD	FE	VD	BB	FE	LV	VD	VC	VD	VC	VB	VE	FD	VE	VB	VC	VD	BC	LH	VC	LV	FC	LV	LV
VD	VE	VD	VE	LV	VD	LH	LH	LH	BE	VB	VC	FB	VB	LH	LH	VC	VD	VE	LV	VD	LH	LH	VE	VB	LH	VC	VB	VC	LV
VB	VC	VB	VC	VD	VE	VB	LH	VE	FC	VD	VE	LV	VD	VE	VB	LH	LH	VC	BD	LH	LH	LH	VC	LV	VB	VE	LV	VB	BE
BD	VE	VD	VE	VB	VC	LV	FB	VD	LH	LH	BC	BC	FE	LV	VD	VE	FD	LH	BC	BB	FE	VB	VE	VD	VC	LV	VD	VC	LV
LV	VD	LH	VC	VD	VE	VD	BE	VB	LH	VE	FB	VB	LH	VC	FD	BC	LH	LH	VE	FC	VB	VC	LV	VB	LH	BE	VB	LH	VC
VD	VE	VB	VE	VB	VC	VB	VC	BD	VE	BD	VC	VD	LH	LH	LH	LH	VE	VB	VC	VB	VC	FB	VD	VC	VB	VC	LV	VB	FE
VB	VC	LV	LV	VD	LH	VC	VB	VC	LV	FC	VB	BB	FE	VB	BB	FE	LV	VD	LH	VC	FD	BC	BB	LH	VC	VB	VC	BD	VE
LV	FD	BE	LV	FD	LH	VE	VD	VE	VD	LH	VC	VD	LH	BE	VD	VE	VD	LH	LH	VE	VB	VE	VD	LH	FE	LV	FB	LV	LV
VD	LH	VC	VD	LH	VE	LV	VB	VC	VB	VE	VB	LH	VE	BD	FE	VD	BB	LH	FE	LV	LV	VD	LH	LH	LH	VC	VD	VC	LV
FB	VB	VE	VB	VE	LV	BD	VC	FD	BE	FC	LV	FB	LV	LV	VB	VE	VD	LH	VE	VD	VC	VB	LH	FE	VB	LH	BB	LH	BE
LV	LV	VD	VC	VD	VC	LV	VB	LH	BE	VB	VC	BD	VC	FC	LV	VD	LH	VE	BD	LH	LH	BE	VB	LH	BC	VE	LV	FD	BE
LV	LV	VB	LH	LH	FE	BD	VC	FD	VC	LV	FB	LV	VB	LH	VC	VB	LH	VC	VD	LH	FE	BD	VC	VB	VE	FC	VD	VE	LV
LV	LV	VD	LH	LH	LH	VC	VB	LH	VE	LV	BD	VC	LV	VB	VE	VD	VE	FD	BB	LH	VE	VD	FE	LV	VD	LH	LH	VC	LV
VD	BC	LH	LH	LH	LH	LH	VC	FD	BC	VC	VD	LH	VC	FC	VD	LH	BC	LH	VC	FD	BC	LH	LH	VC	FD	LH	LH	LH	VC
