VB	BB	LH	VE	VB	VE	VB	LH	VE	VB	VE	VB	LH	LH	BB	FE	VB	LH	LH	LH	LH	LH	LH	LH	BB	LH	LH	LH	LH	FE	VB	BB	LH	LH	LH	LH	VE	FD	LH	BB	VE	VB	LH	BB	VE
FC	LV	FD	BC	BE	FC	LV	FB	VD	VC	VD	VC	VB	VE	LV	VB	BC	LH	VE	FB	VB	LH	LH	LH	BE	VB	LH	LH	LH	LH	VC	VD	LH	LH	VE	VB	VC	VB	VE	FC	BD	VC	FB	LV	LV
VB	VC	VB	VE	FC	VB	VC	VD	BB	LH	VE	VB	VC	FC	BD	VC	VB	VE	VD	VC	LV	VB	FE	VB	VC	VD	LH	VE	VB	LH	BB	LH	FE	VB	VC	VD	LH	VC	VD	VE	VD	VE	LV	LV	LV
BD	VE	LV	VD	LH	VC	VB	VE	LV	FD	BC	VC	VB	VE	VD	FE	LV	LV	VB	LH	VC	BD	LH	VC	VB	LH	VE	VD	VC	VB	VC	VB	LH	VC	VB	BB	LH	FE	VB	VC	FB	VD	BE	LV	LV
FC	LV	LV	VB	VE	VB	BE	LV	LV	VB	LH	VE	LV	VD	LH	VE	LV	LV	LV	VB	FE	LV	VB	FE	VD	VE	LV	VB	VE	VD	VE	LV	VB	LH	VC	VD	BB	VE	LV	VB	BC	LH	VC	LV	LV
VB	VC	LV	LV	FC	LV	LV	VD	BE	LV	VB	VC	BD	VE	FD	BC	VC	VD	VC	BD	LH	VC	VD	LH	VE	LV	LV	LV	BD	FE	LV	LV	FC	VB	LH	VE	FC	LV	LV	FC	VB	LH	LH	VC	LV
LV	VB	VC	VD	LH	VC	LV	FB	LV	LV	VD	VE	FC	VD	LH	LH	VE	VB	VE	LV	FD	BB	BB	LH	VC	LV	LV	LV	VD	LH	VC	LV	VB	BC	FE	LV	VB	VC	VD	VE	LV	FD	VE	VB	VC
BD	VC	VB	BB	LH	VE	LV	LV	LV	LV	FB	VD	VE	VB	LH	LH	VC	FC	LV	VD	VE	FC	LV	VB	LH	VC	VD	BC	BB	FE	VB	VC	LV	VB	LH	VC	VD	BB	VE	LV	VD	VE	VD	BC	FE
VD	VE	FC	LV	FD	BE	LV	LV	LV	LV	VD	VE	LV	LV	VB	BB	LH	BB	VC	VB	BC	LH	VC	VD	VE	FB	VB	VE	FC	VB	BE	VB	VC	VD	LH	LH	VE	FC	VD	BC	VE	VD	LH	BB	VE
FB	VD	VE	BD	VE	VD	VC	VD	VC	VD	VE	LV	LV	LV	LV	VD	VE	FC	VB	VC	VB	LH	BB	FE	VD	BE	LV	VD	VE	LV	LV	VD	VE	VB	LH	FE	VD	LH	VE	VB	VC	VB	VE	FC	LV
BD	VE	LV	LV	VD	VE	VB	VE	VB	VE	LV	LV	LV	LV	VD	VE	VD	LH	BC	FE	LV	FB	VD	LH	VE	LV	VD	VE	LV	LV	VD	FE	LV	LV	VB	BB	LH	FE	LV	VD	VE	LV	LV	VB	BE
LV	VD	VC	VD	FE	LV	LV	VD	VC	VD	VC	LV	VD	VC	VB	VC	VB	LH	LH	LH	BC	BC	LH	VE	VD	VC	VB	VC	LV	VD	LH	VE	LV	VD	BE	VD	LH	VE	LV	FB	VD	VC	VD	VC	LV
LV	FD	LH	BB	LH	BE	VD	LH	VE	FD	LH	BC	LH	LH	BC	VE	LV	VB	VE	VB	LH	VE	VB	VC	VB	LH	VC	VB	BC	VE	VB	BE	VD	VE	FC	VB	LH	BE	LV	VD	VE	VB	LH	VE	LV
VD	LH	LH	VC	FB	VD	VE	FB	VD	LH	LH	LH	LH	VE	FB	LV	VD	VC	LV	LV	FD	BE	VD	VE	FC	VB	LH	VC	FD	VC	LV	VD	FE	VD	LH	BE	FD	VC	LV	VB	VC	LV	FB	VD	VC
FB	VB	LH	VE	BD	LH	VC	VD	LH	LH	BB	BB	FE	LV	VD	BC	VE	VB	VC	VD	VE	VD	VE	VD	LH	VC	FB	FD	VE	VB	BE	VB	LH	LH	VE	LV	VB	LH	VC	VD	VE	LV	VD	LH	VE
VD	VC	VB	BE	LV	FD	BB	LH	LH	VE	FC	VD	VE	VD	LH	VE	LV	VD	VE	FB	LV	FD	BC	LH	LH	LH	VC	VB	BC	VC	FC	LV	FD	VE	VD	VC	VD	LH	LH	VE	VD	BC	LH	LH	BE
VB	LH	VC	FC	VD	VE	LV	FD	LH	BC	LH	VE	LV	VB	LH	VC	LV	VB	VC	LV	VD	LH	VE	FD	LH	BB	LH	VC	FB	VB	VE	VD	VE	BD	VE	VB	LH	VE	VB	VC	VB	LH	VE	VB	VC
LV	VB	LH	BB	FE	LV	BD	LH	VE	VB	FE	VD	BE	VD	VE	FD	BE	VD	LH	BC	VE	FB	VD	LH	VE	VD	LH	LH	VC	LV	VD	LH	VC	LV	LV	LV	VB	VC	VD	LH	VC	VB	VC	VD	VE
LV	LV	FB	VD	LH	VC	LV	VB	VC	VD	LH	LH	BC	VE	VD	VE	BD	LH	LH	FE	LV	VD	BB	FE	VD	LH	LH	VE	VB	VC	VB	LH	LH	BE	FC	LV	VD	VE	VB	LH	VE	LV	FD	LH	VC
LV	VD	BE	VB	VE	FD	VC	VD	LH	VE	VB	LH	VE	VD	VE	LV	FC	VB	LH	VE	VD	VE	BD	BB	LH	BB	FE	VD	VC	FB	VD	VE	FB	VD	VE	VD	VE	LV	LV	VB	VC	LV	VB	LH	VE
BD	VE	VD	VC	VD	LH	LH	LH	VE	LV	VD	VE	LV	FB	LV	VD	LH	BC	FE	LV	VB	VC	FC	VD	VE	FC	VB	BB	VE	VD	LH	BC	BC	VE	VD	LH	VC	VD	VC	LV	VB	VC	LV	FB	LV
LV	VD	BB	LH	LH	LH	LH	FE	LV	BD	FE	LV	LV	VD	BC	VE	FB	VB	LH	VC	VD	LH	LH	VE	BD	LH	VC	LV	VD	VE	VB	VE	VB	VC	VB	LH	LH	VE	VB	BE	VD	LH	BC	VC	LV
LV	FD	VC	VB	VE	VB	LH	LH	VC	VD	VE	LV	VD	LH	VE	VD	BE	LV	VB	LH	LH	LH	VE	LV	VD	LH	FE	VD	VE	VD	VC	LV	LV	VB	VC	VB	VE	VD	VC	VD	LH	VE	FB	VB	BE
LV	VB	LH	VC	LV	LV	FB	VB	LH	BB	BE	LV	FD	VE	LV	FB	LV	LV	LV	FD	BB	FE	VD	BC	LH	LH	LH	BB	VC	VB	VE	LV	FC	LV	FB	LV	VD	LH	LH	LH	VE	LV	LV	LV	FC
BD	VC	VB	FE	VD	VC	VD	BC	VE	LV	LV	VD	LH	BE	LV	VD	BE	LV	BD	LH	VC	VB	LH	VE	FD	LH	LH	BE	FD	VC	BD	BC	LH	VC	VD	VC	VB	LH	LH	VE	BD	BC	VC	VD	VE
LV	FD	BC	BB	LH	BB	LH	VE	FC	LV	VD	FE	VB	VC	VD	VE	FC	LV	LV	VB	LH	VC	FD	BC	LH	LH	VE	LV	VB	VE	FC	VB	LH	LH	LH	VE	LV	VB	FE	LV	FC	VB	LH	LH	BE
VD	VE	FD	BC	FE	VD	VE	VD	VE	BD	LH	VE	VD	VE	VB	VC	VB	VC	LV	VD	VE	VB	LH	LH	VE	FD	BE	FC	LV	VD	VE	BD	LH	VE	FB	VD	VC	BD	VE	VD	LH	VC	FD	VE	LV
FB	LV	VB	LH	LH	LH	VC	VB	VC	VD	FE	VD	LH	BE	VD	VE	LV	FB	LV	VB	BC	VC	VB	VE	VD	VE	VD	LH	VC	FB	LV	VD	VE	LV	BD	LH	LH	VC	VD	LH	LH	BB	LH	VC	LV
BD	VC	LV	VB	LH	LH	VE	LV	VB	LH	LH	LH	VE	VD	VE	LV	LV	LV	VD	BE	FB	VB	VC	VD	LH	VC	VB	LH	BB	VC	VD	VE	LV	LV	VD	VE	FD	BB	VE	FB	VB	BE	VB	VE	LV
VD	LH	VC	FC	VB	LH	VC	VD	VC	FD	BB	VE	VD	VE	FC	LV	LV	VD	VE	FC	LV	VD	VE	VB	FE	VB	VC	FB	VD	LH	LH	VC	LV	LV	FB	VD	BB	VC	VD	VC	LV	FC	LV	VD	VC
FD	VE	VB	BB	VC	VB	VE	VB	BB	BB	VC	VD	VE	VD	VE	LV	VD	LH	VC	VB	BE	VB	VC	BD	LH	VC	VB	BC	LH	LH	FE	VB	VC	LV	LV	VB	VC	VB	LH	VE	LV	VB	VC	VB	VE
VB	VC	LV	VD	VE	LV	LV	LV	LV	FC	VB	VE	LV	FB	LV	VD	BB	LH	VE	LV	FC	LV	VB	VC	VB	LH	BC	LH	LH	LH	LH	BC	FE	LV	LV	LV	VB	VC	FD	BE	LV	VD	VE	LV	LV
LV	VB	VC	FB	VD	VC	VD	VC	LV	VB	VC	LV	VD	VC	VD	LH	VC	FB	LV	LV	VB	VC	VD	VE	VD	VE	FB	VB	VE	VB	VE	VB	LH	VC	BD	VC	VD	LH	VE	VD	BE	FB	VD	VC	LV
BD	VC	VB	BC	LH	LH	LH	VE	VD	VC	VB	VC	VB	LH	BB	FE	VB	BE	VD	BE	LV	VB	FE	LV	FD	BE	LV	LV	VD	VC	VD	VC	VB	FE	LV	FD	VE	VB	VC	VB	VC	BD	VE	VB	VC
LV	VB	VC	FD	LH	VE	VB	VC	FD	VE	VD	LH	VC	FB	VD	VE	LV	VD	LH	VC	LV	BD	VE	VD	VE	VD	BE	LV	VB	LH	VE	FD	BC	LH	BE	VB	BE	LV	VB	VC	FD	BE	FC	LV	FB
LV	LV	VB	LH	VE	LV	VD	LH	VE	BD	VE	VB	BB	VC	VB	VC	LV	VB	VE	VB	VC	FC	VD	LH	BC	VE	FC	VD	BE	FB	VD	VE	VB	VE	VD	BE	FC	LV	BD	LH	LH	BE	VB	VC	LV
LV	LV	VD	VE	LV	BD	LH	VE	VD	VC	LV	LV	FC	VB	VC	VB	VC	LV	LV	VD	LH	LH	LH	LH	VE	LV	VB	VE	BD	BC	FE	VD	VC	LV	FB	LV	VB	VC	LV	VB	VE	FC	LV	VB	VC
VD	VC	VB	VC	VD	BE	FD	VC	VB	LH	VC	BD	VE	VD	VE	LV	VB	VC	VD	BB	LH	LH	LH	VE	FC	VD	VC	LV	LV	VB	LH	LH	VE	LV	LV	LV	LV	VB	VC	LV	VD	LH	VC	VD	VE
VB	LH	VC	VB	LH	VC	VB	LH	VC	VB	FE	LV	VD	VE	VD	VC	VD	VE	FB	VD	LH	VE	FB	VD	VE	FD	VE	LV	LV	LV	VB	LH	VC	LV	LV	LV	LV	VD	VE	LV	VB	LH	BB	LH	VC
BD	VE	FD	VC	VB	LH	VC	FD	LH	BC	VE	BD	FE	BD	FE	VB	VE	VD	BE	FD	VE	LV	VD	VE	VD	LH	BE	LV	FC	LV	LV	VB	LH	VC	BD	VC	VD	VE	FC	LV	LV	VB	VC	VB	VE
FC	VD	LH	VE	LV	FD	BB	VE	VB	VE	VD	VC	VB	VC	VB	VC	VD	LH	BC	LH	BE	LV	VB	BC	LH	FE	LV	BD	LH	VC	LV	VD	LH	VE	LV	VB	VE	LV	VB	VC	FC	VD	LH	VC	LV
VB	LH	LH	BE	VD	VE	LV	VD	VC	LV	VB	VE	LV	FD	VC	VB	LH	LH	LH	VE	LV	LV	LV	VB	LH	VE	LV	VD	BB	FE	VD	VE	VB	VC	FC	LV	LV	LV	LV	VB	LH	LH	LH	LH	BE
LV	FD	VE	LV	VB	VC	VD	VE	FB	LV	LV	LV	VD	BB	LH	BC	LH	VE	VB	VC	FC	LV	VD	BC	FE	LV	VD	BB	VC	VB	LH	VC	LV	VB	LH	VC	VD	VC	LV	LV	VB	VE	VB	VE	LV
BD	VE	VD	VC	LV	VB	LH	VC	BD	VC	LV	VD	VE	FC	VB	LH	VE	LV	LV	VB	LH	VC	VB	LH	LH	BC	FE	LV	VB	VC	FD	BB	VC	LV	VB	LH	VE	VB	VC	LV	LV	VD	VC	LV	LV
FC	VD	LH	LH	BC	VC	FD	LH	BC	LH	VC	FD	BC	LH	VC	FD	BC	VC	VD	VC	FD	LH	BC	LH	LH	LH	LH	VC	VD	LH	LH	VC	FD	BC	BC	FE	VD	BC	LH	VC	VD	LH	FE	VD	VC
