VB	LH	LH	LH	LH	LH	LH	LH	LH	VE	FD	BB	BB	FE	VB	LH	FE	VB	LH	VE
LV	VB	LH	VE	FB	FB	FD	BB	VE	VD	VE	FC	BD	LH	BE	VB	BB	BC	FE	FC
FC	FC	FD	BC	BC	BC	VE	FC	VD	LH	BC	BB	BC	VE	BD	BE	VD	BB	LH	FE
FB	FD	VE	FB	VB	BB	BE	FD	LH	LH	LH	BC	VE	FC	FC	VD	FE	VD	LH	FE
VD	LH	BC	BE	LV	FC	BD	BB	LH	BB	LH	FE	BD	BB	BB	LH	BB	LH	BB	VE
FB	FB	FD	BC	VC	FD	BE	BD	FE	BD	FE	VB	BE	FC	VD	FE	BD	VE	LV	FC
VD	BC	VE	FB	FD	LH	BE	FC	VB	VC	FB	FC	BD	LH	BB	VE	FC	FC	VD	FE
FD	LH	BC	BE	FD	BB	BE	VB	BE	FD	BC	BB	BC	VE	LV	BD	BB	LH	BB	FE
VB	LH	BB	BC	LH	VC	LV	LV	LV	FD	LH	BE	VB	VC	LV	LV	VD	VE	BD	FE
LV	FD	VC	FD	BB	BB	BE	FC	LV	FD	BB	BE	FC	FD	BE	VD	VE	LV	BD	VE
LV	VB	LH	VE	FC	LV	BD	VE	BD	FE	LV	BD	FE	FD	VC	FD	BE	FC	FC	LV
FC	FC	VB	BC	BB	BE	FC	FC	BD	VE	LV	VD	FE	VB	BB	BB	VC	VB	FE	LV
VB	BB	BC	FE	LV	BD	VE	FD	BE	LV	BD	FE	VB	BE	LV	FC	VB	VC	FD	BE
LV	BD	VE	FD	BE	LV	FC	FB	LV	LV	BD	VE	FC	LV	BD	BB	BE	VB	BB	BE
FC	LV	LV	FD	VC	BD	BB	VC	FC	BD	BE	FC	VB	BE	LV	FC	FC	FC	LV	LV
FD	BE	VD	VE	FB	LV	BD	BB	FE	FC	BD	FE	LV	LV	BD	VE	VB	BB	BE	LV
VB	BC	VE	FC	BD	BE	LV	VD	BB	FE	LV	VB	BE	LV	LV	LV	LV	LV	FC	LV
LV	VB	VC	VB	BE	LV	VD	VE	VD	FE	FC	LV	LV	FC	LV	FC	FC	BD	FE	FC
LV	FC	VB	VC	LV	LV	VB	BC	BB	FE	VB	BE	FC	FD	VC	FD	BB	BC	BB	VE
VD	FE	FC	FD	VC	FC	VD	FE	FC	FD	VC	VD	LH	FE	FD	LH	VC	FD	VC	FC
