VB	LH	VE	VB	LH	LH	LH	BB	LH	LH	VE	VB	VE	VB	LH	LH	FE	VB	LH	LH	LH	LH	LH	BB	VE
BD	VE	LV	LV	VB	LH	FE	VD	LH	VE	VD	VC	LV	LV	VB	LH	VE	LV	VB	LH	LH	VE	VB	VC	LV
LV	LV	FC	LV	BD	LH	BB	VE	VB	VC	VB	FE	VD	BE	VD	VE	VD	VC	LV	FD	VE	LV	VD	VE	LV
FC	LV	VB	VC	LV	VB	VC	LV	VD	VE	BD	LH	LH	VC	VB	VC	VB	LH	BC	LH	VC	VD	VE	LV	LV
VB	VC	LV	FB	LV	LV	FB	VD	VE	LV	LV	FD	BB	VE	VD	VE	FC	VB	LH	VE	VB	VE	LV	LV	LV
LV	VB	VC	LV	LV	LV	BD	VE	LV	LV	VD	VE	LV	BD	VE	LV	VB	VC	VB	BC	VC	VD	VC	LV	LV
LV	VD	VE	VD	VC	LV	LV	FC	LV	LV	FD	BE	FC	LV	LV	LV	LV	VB	VC	FB	VB	LH	LH	VC	LV
BD	VE	VD	LH	VE	LV	VD	LH	BE	VD	VE	LV	VB	VC	LV	VD	VC	LV	VB	BE	LV	VB	LH	VE	FC
FC	VD	BB	FE	LV	LV	VB	VE	VD	VE	LV	LV	VD	VE	FC	VB	VE	VD	VC	LV	VD	VC	FB	VD	VE
VB	LH	VC	VB	VC	VD	VC	VD	VE	FC	LV	VD	LH	BE	VB	VC	VD	VE	VB	VC	VB	VE	LV	VB	VC
LV	VB	VE	LV	VB	LH	LH	VE	BD	VE	VD	LH	VE	FC	LV	VB	VE	VD	BE	FD	BE	BD	VC	VD	VE
LV	LV	VD	BC	VC	VB	VE	LV	FC	BD	LH	VE	VD	VE	LV	LV	VD	VE	BD	LH	VC	LV	VB	VE	LV
BD	VC	VB	LH	VE	FC	VD	BC	LH	VC	FB	BD	FE	VD	VC	LV	FB	LV	FC	VB	VE	FC	LV	VD	BE
VD	VE	VD	VE	VD	LH	LH	LH	LH	VE	VD	BC	BB	FE	VB	VC	LV	VD	LH	VC	VD	VE	BD	VE	FC
FD	VC	VB	VC	FD	BB	BB	LH	FE	VD	LH	VE	FC	VB	VC	VB	BE	FD	VE	VB	LH	VC	FC	VD	VE
VB	LH	VC	FD	BB	VC	VD	BB	LH	BB	VE	VD	LH	VC	FD	VC	BD	VE	LV	VD	VE	VB	BB	LH	BE
BD	VE	VB	VE	FC	VB	VE	VD	FE	LV	LV	VB	BB	LH	LH	VE	LV	LV	VD	VE	LV	FC	VD	VE	LV
LV	LV	LV	VD	LH	BE	LV	VB	LH	VC	LV	LV	VD	LH	VE	LV	LV	VD	LH	VC	VD	LH	LH	VC	LV
FC	VD	VC	VB	VE	FC	LV	BD	LH	VE	FC	VD	VE	VB	VC	LV	VD	VE	VB	LH	LH	LH	VE	VB	VC
VB	LH	LH	VC	VD	LH	VC	LV	FB	VD	LH	LH	VC	VD	VE	VD	LH	BE	VD	BB	FE	VB	BE	VD	VE
VD	VE	FD	BB	LH	LH	VE	LV	BD	LH	BB	LH	LH	VE	VD	LH	VE	VD	VE	LV	VB	VC	BD	FE	LV
FB	VD	VE	FC	FD	VE	BD	VC	VD	VE	VD	LH	VE	VD	BB	FE	VD	VE	LV	LV	LV	VB	VC	VB	VC
BD	FE	VD	LH	LH	VC	LV	VB	VE	FC	VB	VE	LV	VB	VC	VB	LH	VC	LV	LV	LV	VD	VE	VD	VE
LV	VB	LH	LH	LH	LH	VC	LV	LV	VB	VC	VD	VC	LV	VB	VC	VB	VE	FC	LV	VD	VE	FC	VB	VC
VD	BC	LH	LH	LH	LH	LH	VC	VD	VC	FD	LH	LH	VC	VD	LH	VC	VD	LH	BC	FE	VD	LH	BC	FE
