FD	VE	FB	VB	VE
VB	BE	LV	FC	LV
FC	BD	BC	BB	BE
FD	VC	FD	BE	LV
FD	LH	LH	VC	FC
